
Efinix FPGA Placement and Routing.
Version: 2023.2.307.5.10 
Date: Fri Nov 08 18:04:52 2024

Copyright (C) 2013 - 2023 Efinix, Inc. All rights reserved.
 
Family: Titanium 
Device: Ti60F225
Top-level Entity Name: Ti60_Demo


---------- GBUFCE Assignments (begin) ----------


+---------------+----------+----------+
|   Clock Net   | GBUFCE_X | GBUFCE_Y |
+---------------+----------+----------+
|    clk_24m    |   106    |   322    |
|    clk_27m    |   218    |   163    |
|  clk_lvds_1x  |   218    |   162    |
|  clk_lvds_7x  |   107    |   322    |
|   clk_pixel   |    1     |   159    |
| clk_pixel_10x |    1     |   163    |
|    clk_sys    |    1     |   162    |
|   cmos_pclk   |   111    |   322    |
|   core_clk    |   218    |   164    |
| dsi_byteclk_i |   112    |    1     |
| dsi_serclk_i  |   107    |    1     |
| dsi_txcclk_i  |   108    |    1     |
|  hdmi_pclk_i  |    1     |   165    |
|    tac_clk    |   111    |    1     |
|   tdqss_clk   |   110    |    1     |
|    twd_clk    |   218    |   159    |
+---------------+----------+----------+


----------- GBUFCE Assignments (end) ----------


Elapsed time for routing: 0 hours 0 minutes 20 seconds
Elapsed time for entire flow: 0 hours 2 minutes 2 seconds
